// Jest Snapshot v1, https://goo.gl/fbAQLP

exports[`NasaRoot should render as expected module should render correct JSX 1`] = `null`;

exports[`NasaRoot should render as expected module should render correct JSX 2`] = `null`;
